Release 14.7 - xst P.20131013 (nt64)
Copyright (c) 1995-2013 Xilinx, Inc.  All rights reserved.
--> Parameter TMPDIR set to xst/projnav.tmp


Total REAL time to Xst completion: 1.00 secs
Total CPU time to Xst completion: 0.10 secs
 
--> Parameter xsthdpdir set to xst


Total REAL time to Xst completion: 1.00 secs
Total CPU time to Xst completion: 0.10 secs
 
--> Reading design: CPU.prj

TABLE OF CONTENTS
  1) Synthesis Options Summary
  2) HDL Compilation
  3) Design Hierarchy Analysis
  4) HDL Analysis
  5) HDL Synthesis
     5.1) HDL Synthesis Report
  6) Advanced HDL Synthesis
     6.1) Advanced HDL Synthesis Report
  7) Low Level Synthesis
  8) Partition Report
  9) Final Report
	9.1) Device utilization summary
	9.2) Partition Resource Summary
	9.3) TIMING REPORT


=========================================================================
*                      Synthesis Options Summary                        *
=========================================================================
---- Source Parameters
Input File Name                    : "CPU.prj"
Input Format                       : mixed
Ignore Synthesis Constraint File   : NO

---- Target Parameters
Output File Name                   : "CPU"
Output Format                      : NGC
Target Device                      : xc3s1200e-4-fg320

---- Source Options
Top Module Name                    : CPU
Automatic FSM Extraction           : YES
FSM Encoding Algorithm             : Auto
Safe Implementation                : No
FSM Style                          : LUT
RAM Extraction                     : Yes
RAM Style                          : Auto
ROM Extraction                     : Yes
Mux Style                          : Auto
Decoder Extraction                 : YES
Priority Encoder Extraction        : Yes
Shift Register Extraction          : YES
Logical Shifter Extraction         : YES
XOR Collapsing                     : YES
ROM Style                          : Auto
Mux Extraction                     : Yes
Resource Sharing                   : YES
Asynchronous To Synchronous        : NO
Multiplier Style                   : Auto
Automatic Register Balancing       : No

---- Target Options
Add IO Buffers                     : YES
Global Maximum Fanout              : 100000
Add Generic Clock Buffer(BUFG)     : 24
Register Duplication               : YES
Slice Packing                      : YES
Optimize Instantiated Primitives   : NO
Use Clock Enable                   : Yes
Use Synchronous Set                : Yes
Use Synchronous Reset              : Yes
Pack IO Registers into IOBs        : Auto
Equivalent register Removal        : YES

---- General Options
Optimization Goal                  : Speed
Optimization Effort                : 1
Keep Hierarchy                     : No
Netlist Hierarchy                  : As_Optimized
RTL Output                         : Yes
Global Optimization                : AllClockNets
Read Cores                         : YES
Write Timing Constraints           : NO
Cross Clock Analysis               : NO
Hierarchy Separator                : /
Bus Delimiter                      : <>
Case Specifier                     : Maintain
Slice Utilization Ratio            : 100
BRAM Utilization Ratio             : 100
Verilog 2001                       : YES
Auto BRAM Packing                  : NO
Slice Utilization Ratio Delta      : 5

=========================================================================


=========================================================================
*                          HDL Compilation                              *
=========================================================================
WARNING:HDLParsers:3607 - Unit work/CPU is now defined in a different file.  It was defined in "F:/THU/cpu/CPU.vhd", and is now defined in "C:/Users/cdogemaru/Desktop/THINPAD/THCO-MIPS/CPU.vhd".
WARNING:HDLParsers:3607 - Unit work/CPU/Behavioral is now defined in a different file.  It was defined in "F:/THU/cpu/CPU.vhd", and is now defined in "C:/Users/cdogemaru/Desktop/THINPAD/THCO-MIPS/CPU.vhd".
WARNING:HDLParsers:3607 - Unit work/ALU is now defined in a different file.  It was defined in "F:/THU/cpu/ALU.vhd", and is now defined in "C:/Users/cdogemaru/Desktop/THINPAD/THCO-MIPS/ALU.vhd".
WARNING:HDLParsers:3607 - Unit work/ALU/Behavioral is now defined in a different file.  It was defined in "F:/THU/cpu/ALU.vhd", and is now defined in "C:/Users/cdogemaru/Desktop/THINPAD/THCO-MIPS/ALU.vhd".
WARNING:HDLParsers:3607 - Unit work/ALUMux is now defined in a different file.  It was defined in "F:/THU/cpu/ALUMux.vhd", and is now defined in "C:/Users/cdogemaru/Desktop/THINPAD/THCO-MIPS/ALUMux.vhd".
WARNING:HDLParsers:3607 - Unit work/ALUMux/Behavioral is now defined in a different file.  It was defined in "F:/THU/cpu/ALUMux.vhd", and is now defined in "C:/Users/cdogemaru/Desktop/THINPAD/THCO-MIPS/ALUMux.vhd".
WARNING:HDLParsers:3607 - Unit work/AMux is now defined in a different file.  It was defined in "F:/THU/cpu/AMux.vhd", and is now defined in "C:/Users/cdogemaru/Desktop/THINPAD/THCO-MIPS/AMux.vhd".
WARNING:HDLParsers:3607 - Unit work/AMux/Behavioral is now defined in a different file.  It was defined in "F:/THU/cpu/AMux.vhd", and is now defined in "C:/Users/cdogemaru/Desktop/THINPAD/THCO-MIPS/AMux.vhd".
WARNING:HDLParsers:3607 - Unit work/BMux is now defined in a different file.  It was defined in "F:/THU/cpu/BMux.vhd", and is now defined in "C:/Users/cdogemaru/Desktop/THINPAD/THCO-MIPS/BMux.vhd".
WARNING:HDLParsers:3607 - Unit work/BMux/Behavioral is now defined in a different file.  It was defined in "F:/THU/cpu/BMux.vhd", and is now defined in "C:/Users/cdogemaru/Desktop/THINPAD/THCO-MIPS/BMux.vhd".
WARNING:HDLParsers:3607 - Unit work/BMux0 is now defined in a different file.  It was defined in "F:/THU/cpu/BMux0.vhd", and is now defined in "C:/Users/cdogemaru/Desktop/THINPAD/THCO-MIPS/BMux0.vhd".
WARNING:HDLParsers:3607 - Unit work/BMux0/Behavioral is now defined in a different file.  It was defined in "F:/THU/cpu/BMux0.vhd", and is now defined in "C:/Users/cdogemaru/Desktop/THINPAD/THCO-MIPS/BMux0.vhd".
WARNING:HDLParsers:3607 - Unit work/BranchUnit is now defined in a different file.  It was defined in "F:/THU/cpu/BranchUnit.vhd", and is now defined in "C:/Users/cdogemaru/Desktop/THINPAD/THCO-MIPS/BranchUnit.vhd".
WARNING:HDLParsers:3607 - Unit work/BranchUnit/Behavioral is now defined in a different file.  It was defined in "F:/THU/cpu/BranchUnit.vhd", and is now defined in "C:/Users/cdogemaru/Desktop/THINPAD/THCO-MIPS/BranchUnit.vhd".
WARNING:HDLParsers:3607 - Unit work/Controller is now defined in a different file.  It was defined in "F:/THU/cpu/controller.vhd", and is now defined in "C:/Users/cdogemaru/Desktop/THINPAD/THCO-MIPS/controller.vhd".
WARNING:HDLParsers:3607 - Unit work/Controller/Behavioral is now defined in a different file.  It was defined in "F:/THU/cpu/controller.vhd", and is now defined in "C:/Users/cdogemaru/Desktop/THINPAD/THCO-MIPS/controller.vhd".
WARNING:HDLParsers:3607 - Unit work/Decoder is now defined in a different file.  It was defined in "F:/THU/cpu/Decoder.vhd", and is now defined in "C:/Users/cdogemaru/Desktop/THINPAD/THCO-MIPS/Decoder.vhd".
WARNING:HDLParsers:3607 - Unit work/Decoder/Behavioral is now defined in a different file.  It was defined in "F:/THU/cpu/Decoder.vhd", and is now defined in "C:/Users/cdogemaru/Desktop/THINPAD/THCO-MIPS/Decoder.vhd".
WARNING:HDLParsers:3607 - Unit work/DM is now defined in a different file.  It was defined in "F:/THU/cpu/DM.vhd", and is now defined in "C:/Users/cdogemaru/Desktop/THINPAD/THCO-MIPS/DM.vhd".
WARNING:HDLParsers:3607 - Unit work/DM/Behavioral is now defined in a different file.  It was defined in "F:/THU/cpu/DM.vhd", and is now defined in "C:/Users/cdogemaru/Desktop/THINPAD/THCO-MIPS/DM.vhd".
WARNING:HDLParsers:3607 - Unit work/EX2MEM is now defined in a different file.  It was defined in "F:/THU/cpu/EX2MEM.vhd", and is now defined in "C:/Users/cdogemaru/Desktop/THINPAD/THCO-MIPS/EX2MEM.vhd".
WARNING:HDLParsers:3607 - Unit work/EX2MEM/Behavioral is now defined in a different file.  It was defined in "F:/THU/cpu/EX2MEM.vhd", and is now defined in "C:/Users/cdogemaru/Desktop/THINPAD/THCO-MIPS/EX2MEM.vhd".
WARNING:HDLParsers:3607 - Unit work/ForwardUnit is now defined in a different file.  It was defined in "F:/THU/cpu/ForwardUnit.vhd", and is now defined in "C:/Users/cdogemaru/Desktop/THINPAD/THCO-MIPS/ForwardUnit.vhd".
WARNING:HDLParsers:3607 - Unit work/ForwardUnit/Behavioral is now defined in a different file.  It was defined in "F:/THU/cpu/ForwardUnit.vhd", and is now defined in "C:/Users/cdogemaru/Desktop/THINPAD/THCO-MIPS/ForwardUnit.vhd".
WARNING:HDLParsers:3607 - Unit work/HazardUnit is now defined in a different file.  It was defined in "F:/THU/cpu/HazardUnit.vhd", and is now defined in "C:/Users/cdogemaru/Desktop/THINPAD/THCO-MIPS/HazardUnit.vhd".
WARNING:HDLParsers:3607 - Unit work/HazardUnit/Behavioral is now defined in a different file.  It was defined in "F:/THU/cpu/HazardUnit.vhd", and is now defined in "C:/Users/cdogemaru/Desktop/THINPAD/THCO-MIPS/HazardUnit.vhd".
WARNING:HDLParsers:3607 - Unit work/ID2EX is now defined in a different file.  It was defined in "F:/THU/cpu/ID2EX.vhd", and is now defined in "C:/Users/cdogemaru/Desktop/THINPAD/THCO-MIPS/ID2EX.vhd".
WARNING:HDLParsers:3607 - Unit work/ID2EX/Behavioral is now defined in a different file.  It was defined in "F:/THU/cpu/ID2EX.vhd", and is now defined in "C:/Users/cdogemaru/Desktop/THINPAD/THCO-MIPS/ID2EX.vhd".
WARNING:HDLParsers:3607 - Unit work/ID_PCAdder is now defined in a different file.  It was defined in "F:/THU/cpu/ID_PCAdder.vhd", and is now defined in "C:/Users/cdogemaru/Desktop/THINPAD/THCO-MIPS/ID_PCAdder.vhd".
WARNING:HDLParsers:3607 - Unit work/ID_PCAdder/Behavioral is now defined in a different file.  It was defined in "F:/THU/cpu/ID_PCAdder.vhd", and is now defined in "C:/Users/cdogemaru/Desktop/THINPAD/THCO-MIPS/ID_PCAdder.vhd".
WARNING:HDLParsers:3607 - Unit work/IF2ID is now defined in a different file.  It was defined in "F:/THU/cpu/IF2ID.vhd", and is now defined in "C:/Users/cdogemaru/Desktop/THINPAD/THCO-MIPS/IF2ID.vhd".
WARNING:HDLParsers:3607 - Unit work/IF2ID/Behavioral is now defined in a different file.  It was defined in "F:/THU/cpu/IF2ID.vhd", and is now defined in "C:/Users/cdogemaru/Desktop/THINPAD/THCO-MIPS/IF2ID.vhd".
WARNING:HDLParsers:3607 - Unit work/IF_PCAdder is now defined in a different file.  It was defined in "F:/THU/cpu/IF_PCAdder.vhd", and is now defined in "C:/Users/cdogemaru/Desktop/THINPAD/THCO-MIPS/IF_PCAdder.vhd".
WARNING:HDLParsers:3607 - Unit work/IF_PCAdder/Behavioral is now defined in a different file.  It was defined in "F:/THU/cpu/IF_PCAdder.vhd", and is now defined in "C:/Users/cdogemaru/Desktop/THINPAD/THCO-MIPS/IF_PCAdder.vhd".
WARNING:HDLParsers:3607 - Unit work/IM is now defined in a different file.  It was defined in "F:/THU/cpu/IM.vhd", and is now defined in "C:/Users/cdogemaru/Desktop/THINPAD/THCO-MIPS/IM.vhd".
WARNING:HDLParsers:3607 - Unit work/IM/Behavioral is now defined in a different file.  It was defined in "F:/THU/cpu/IM.vhd", and is now defined in "C:/Users/cdogemaru/Desktop/THINPAD/THCO-MIPS/IM.vhd".
WARNING:HDLParsers:3607 - Unit work/MEM2WB is now defined in a different file.  It was defined in "F:/THU/cpu/MEM2WB.vhd", and is now defined in "C:/Users/cdogemaru/Desktop/THINPAD/THCO-MIPS/MEM2WB.vhd".
WARNING:HDLParsers:3607 - Unit work/MEM2WB/Behavioral is now defined in a different file.  It was defined in "F:/THU/cpu/MEM2WB.vhd", and is now defined in "C:/Users/cdogemaru/Desktop/THINPAD/THCO-MIPS/MEM2WB.vhd".
WARNING:HDLParsers:3607 - Unit work/PC is now defined in a different file.  It was defined in "F:/THU/cpu/PC.vhd", and is now defined in "C:/Users/cdogemaru/Desktop/THINPAD/THCO-MIPS/PC.vhd".
WARNING:HDLParsers:3607 - Unit work/PC/Behavioral is now defined in a different file.  It was defined in "F:/THU/cpu/PC.vhd", and is now defined in "C:/Users/cdogemaru/Desktop/THINPAD/THCO-MIPS/PC.vhd".
WARNING:HDLParsers:3607 - Unit work/PCMUX is now defined in a different file.  It was defined in "F:/THU/cpu/PCMux.vhd", and is now defined in "C:/Users/cdogemaru/Desktop/THINPAD/THCO-MIPS/PCMux.vhd".
WARNING:HDLParsers:3607 - Unit work/PCMux/Behavioral is now defined in a different file.  It was defined in "F:/THU/cpu/PCMux.vhd", and is now defined in "C:/Users/cdogemaru/Desktop/THINPAD/THCO-MIPS/PCMux.vhd".
WARNING:HDLParsers:3607 - Unit work/RegisterFile is now defined in a different file.  It was defined in "F:/THU/cpu/RegisterFile.vhd", and is now defined in "C:/Users/cdogemaru/Desktop/THINPAD/THCO-MIPS/RegisterFile.vhd".
WARNING:HDLParsers:3607 - Unit work/RegisterFile/Behavioral is now defined in a different file.  It was defined in "F:/THU/cpu/RegisterFile.vhd", and is now defined in "C:/Users/cdogemaru/Desktop/THINPAD/THCO-MIPS/RegisterFile.vhd".
WARNING:HDLParsers:3607 - Unit work/WBMux is now defined in a different file.  It was defined in "F:/THU/cpu/WBMux.vhd", and is now defined in "C:/Users/cdogemaru/Desktop/THINPAD/THCO-MIPS/WBMux.vhd".
WARNING:HDLParsers:3607 - Unit work/WBMux/Behavioral is now defined in a different file.  It was defined in "F:/THU/cpu/WBMux.vhd", and is now defined in "C:/Users/cdogemaru/Desktop/THINPAD/THCO-MIPS/WBMux.vhd".
Compiling vhdl file "C:/Users/cdogemaru/Desktop/THINPAD/THCO-MIPS/ALU.vhd" in Library work.
Architecture behavioral of Entity alu is up to date.
Compiling vhdl file "C:/Users/cdogemaru/Desktop/THINPAD/THCO-MIPS/ALUMux.vhd" in Library work.
Architecture behavioral of Entity alumux is up to date.
Compiling vhdl file "C:/Users/cdogemaru/Desktop/THINPAD/THCO-MIPS/AMux.vhd" in Library work.
Architecture behavioral of Entity amux is up to date.
Compiling vhdl file "C:/Users/cdogemaru/Desktop/THINPAD/THCO-MIPS/BMux.vhd" in Library work.
Architecture behavioral of Entity bmux is up to date.
Compiling vhdl file "C:/Users/cdogemaru/Desktop/THINPAD/THCO-MIPS/BMux0.vhd" in Library work.
Architecture behavioral of Entity bmux0 is up to date.
Compiling vhdl file "C:/Users/cdogemaru/Desktop/THINPAD/THCO-MIPS/BranchUnit.vhd" in Library work.
Architecture behavioral of Entity branchunit is up to date.
Compiling vhdl file "C:/Users/cdogemaru/Desktop/THINPAD/THCO-MIPS/controller.vhd" in Library work.
Architecture behavioral of Entity controller is up to date.
Compiling vhdl file "C:/Users/cdogemaru/Desktop/THINPAD/THCO-MIPS/Decoder.vhd" in Library work.
ERROR:HDLParsers:812 - "C:/Users/cdogemaru/Desktop/THINPAD/THCO-MIPS/Decoder.vhd" Line 219. A value is missing in case.
ERROR:HDLParsers:804 - "C:/Users/cdogemaru/Desktop/THINPAD/THCO-MIPS/Decoder.vhd" Line 251. Size of instruction is different than size of the target.
ERROR:HDLParsers:812 - "C:/Users/cdogemaru/Desktop/THINPAD/THCO-MIPS/Decoder.vhd" Line 262. A value is missing in case.
ERROR:HDLParsers:804 - "C:/Users/cdogemaru/Desktop/THINPAD/THCO-MIPS/Decoder.vhd" Line 271. Size of instruction is different than size of the target.
ERROR:HDLParsers:811 - "C:/Users/cdogemaru/Desktop/THINPAD/THCO-MIPS/Decoder.vhd" Line 148. Choice 00101 duplicated in case.
--> 

Total memory usage is 322380 kilobytes

Number of errors   :    5 (   0 filtered)
Number of warnings :   46 (   0 filtered)
Number of infos    :    0 (   0 filtered)

