AR amux behavioral C:/Users/cdogemaru/Desktop/THINPAD/THCO-MIPS/AMux.vhd sub00/vhpl05 1512119723
EN bmux NULL C:/Users/cdogemaru/Desktop/THINPAD/THCO-MIPS/BMux.vhd sub00/vhpl06 1512119724
AR alumux behavioral C:/Users/cdogemaru/Desktop/THINPAD/THCO-MIPS/ALUMux.vhd sub00/vhpl03 1512119721
EN bmux0 NULL C:/Users/cdogemaru/Desktop/THINPAD/THCO-MIPS/BMux0.vhd sub00/vhpl08 1512119726
AR bmux behavioral C:/Users/cdogemaru/Desktop/THINPAD/THCO-MIPS/BMux.vhd sub00/vhpl07 1512119725
AR branchunit behavioral C:/Users/cdogemaru/Desktop/THINPAD/THCO-MIPS/BranchUnit.vhd sub00/vhpl11 1512119729
AR bmux0 behavioral C:/Users/cdogemaru/Desktop/THINPAD/THCO-MIPS/BMux0.vhd sub00/vhpl09 1512119727
EN branchunit NULL C:/Users/cdogemaru/Desktop/THINPAD/THCO-MIPS/BranchUnit.vhd sub00/vhpl10 1512119728
EN amux NULL C:/Users/cdogemaru/Desktop/THINPAD/THCO-MIPS/AMux.vhd sub00/vhpl04 1512119722
AR alu behavioral C:/Users/cdogemaru/Desktop/THINPAD/THCO-MIPS/ALU.vhd sub00/vhpl01 1512119719
EN decoder NULL C:/Users/cdogemaru/Desktop/THINPAD/THCO-MIPS/Decoder.vhd sub00/vhpl14 1512119732
EN controller NULL C:/Users/cdogemaru/Desktop/THINPAD/THCO-MIPS/controller.vhd sub00/vhpl12 1512119730
EN alumux NULL C:/Users/cdogemaru/Desktop/THINPAD/THCO-MIPS/ALUMux.vhd sub00/vhpl02 1512119720
AR controller behavioral C:/Users/cdogemaru/Desktop/THINPAD/THCO-MIPS/controller.vhd sub00/vhpl13 1512119731
EN alu NULL C:/Users/cdogemaru/Desktop/THINPAD/THCO-MIPS/ALU.vhd sub00/vhpl00 1512119718
